============================================================
  Generated by:           Genus(TM) Synthesis Solution 22.13-s093_1
  Generated on:           Jun 05 2026  12:54:26 pm
  Module:                 cva6
  Technology libraries:   gf22nsdllogl20hdl116a_TT_0P80V_0P00V_0P00V_0P00V_25C 2019.10.14
                          gf22nsdllogl20hdl116a_TT_0P80V_0P00V_0P00V_0P00V_25C 2019.10.14
  Operating conditions:   TT_0P80V_0P00V_0P00V_0P00V_25C (best_case_tree)
  Wireload mode:          enclosed
  Area mode:              timing library
============================================================


Summary
-------
--------------------------------------------------------------------------
            Category            Number     %    Average Toggle Saving %   
--------------------------------------------------------------------------
 Total Clock Gating Instances        0  100.00                         -  
--------------------------------------------------------------------------
 RC Clock Gating Instances           0    0.00                      0.00  
 Non-RC Clock Gating Instances       0    0.00                      0.00  
--------------------------------------------------------------------------
 RC Gated Flip-flops                 0    0.00                      0.00  
 Non-RC Gated Flip-flops             0    0.00                      0.00  
--------------------------------------------------------------------------
 Total Gated Flip-flops              0    0.00                         -  
 Total Ungated Flip-flops        23620  100.00                         -  
 Enable not found                23620  100.00                         -  
--------------------------------------------------------------------------
 Total Flip-flops                23620  100.00                         -  
--------------------------------------------------------------------------
Multibit Flip-flop Summary
--------------------------
-------------------------------------------------------
Width     Number     Bits     RC Gated     Ungated     
-------------------------------------------------------
8-bit     0          0        0 (0.00%)    0 (0.00%)   
4-bit     0          0        0 (0.00%)    0 (0.00%)   
2-bit     0          0        0 (0.00%)    0 (0.00%)   
1-bit     23620      23620    0 (0.00%)    23620 (100.00%) 
-----------------------------------------------------------


