============================================================
  Generated by:           Genus(TM) Synthesis Solution 22.13-s093_1
  Generated on:           Jun 05 2026  10:31:38 am
  Module:                 cva6
  Technology library:     gf22nsdllogl20hdl116a_TT_0P80V_0P00V_0P00V_0P00V_25C 2019.10.14
  Operating conditions:   TT_0P80V_0P00V_0P00V_0P00V_25C (best_case_tree)
  Wireload mode:          enclosed
  Area mode:              timing library
============================================================

                                              
          Gate           Instances    Area                            Library                         
------------------------------------------------------------------------------------------------------
HDBLVT20_ADDF_V1_1            3122   4171.991    gf22nsdllogl20hdl116a_TT_0P80V_0P00V_0P00V_0P00V_25C 
HDBLVT20_ADDF_V1_2              13     18.458    gf22nsdllogl20hdl116a_TT_0P80V_0P00V_0P00V_0P00V_25C 
HDBLVT20_ADDH_0P5               57     42.846    gf22nsdllogl20hdl116a_TT_0P80V_0P00V_0P00V_0P00V_25C 
HDBLVT20_ADDH_1                190    142.819    gf22nsdllogl20hdl116a_TT_0P80V_0P00V_0P00V_0P00V_25C 
HDBLVT20_AN2_1                1940    648.115    gf22nsdllogl20hdl116a_TT_0P80V_0P00V_0P00V_0P00V_25C 
HDBLVT20_AN2_12                  1      2.088    gf22nsdllogl20hdl116a_TT_0P80V_0P00V_0P00V_0P00V_25C 
HDBLVT20_AN2_2                  35     14.616    gf22nsdllogl20hdl116a_TT_0P80V_0P00V_0P00V_0P00V_25C 
HDBLVT20_AN2_3                 113     75.502    gf22nsdllogl20hdl116a_TT_0P80V_0P00V_0P00V_0P00V_25C 
HDBLVT20_AN2_4                  13      9.772    gf22nsdllogl20hdl116a_TT_0P80V_0P00V_0P00V_0P00V_25C 
HDBLVT20_AN2_6                  34     36.916    gf22nsdllogl20hdl116a_TT_0P80V_0P00V_0P00V_0P00V_25C 
HDBLVT20_AN2_8                   5      7.099    gf22nsdllogl20hdl116a_TT_0P80V_0P00V_0P00V_0P00V_25C 
HDBLVT20_AN2_DMM_8              14     16.370    gf22nsdllogl20hdl116a_TT_0P80V_0P00V_0P00V_0P00V_25C 
HDBLVT20_AN2_D_12                3      4.761    gf22nsdllogl20hdl116a_TT_0P80V_0P00V_0P00V_0P00V_25C 
HDBLVT20_AN2_D_8                 6      6.515    gf22nsdllogl20hdl116a_TT_0P80V_0P00V_0P00V_0P00V_25C 
HDBLVT20_AN2_MM_3               42     28.063    gf22nsdllogl20hdl116a_TT_0P80V_0P00V_0P00V_0P00V_25C 
HDBLVT20_AN2_MM_4               17     12.779    gf22nsdllogl20hdl116a_TT_0P80V_0P00V_0P00V_0P00V_25C 
HDBLVT20_AN2_MM_8               10     14.198    gf22nsdllogl20hdl116a_TT_0P80V_0P00V_0P00V_0P00V_25C 
HDBLVT20_AN3B_0P5               56     23.386    gf22nsdllogl20hdl116a_TT_0P80V_0P00V_0P00V_0P00V_25C 
HDBLVT20_AN3B_1                437    182.491    gf22nsdllogl20hdl116a_TT_0P80V_0P00V_0P00V_0P00V_25C 
HDBLVT20_AN3B_2                  9      5.262    gf22nsdllogl20hdl116a_TT_0P80V_0P00V_0P00V_0P00V_25C 
HDBLVT20_AN3B_D_8                1      1.754    gf22nsdllogl20hdl116a_TT_0P80V_0P00V_0P00V_0P00V_25C 
HDBLVT20_AN3_0P5                78     32.573    gf22nsdllogl20hdl116a_TT_0P80V_0P00V_0P00V_0P00V_25C 
HDBLVT20_AN3_2                   8      4.009    gf22nsdllogl20hdl116a_TT_0P80V_0P00V_0P00V_0P00V_25C 
HDBLVT20_AN3_4                   1      0.919    gf22nsdllogl20hdl116a_TT_0P80V_0P00V_0P00V_0P00V_25C 
HDBLVT20_AN3_MM_1                1      0.501    gf22nsdllogl20hdl116a_TT_0P80V_0P00V_0P00V_0P00V_25C 
HDBLVT20_AN4B_0P5                4      2.004    gf22nsdllogl20hdl116a_TT_0P80V_0P00V_0P00V_0P00V_25C 
HDBLVT20_AN4B_1                165     82.685    gf22nsdllogl20hdl116a_TT_0P80V_0P00V_0P00V_0P00V_25C 
HDBLVT20_AN4B_2                  1      0.668    gf22nsdllogl20hdl116a_TT_0P80V_0P00V_0P00V_0P00V_25C 
HDBLVT20_AN4B_4                  1      1.253    gf22nsdllogl20hdl116a_TT_0P80V_0P00V_0P00V_0P00V_25C 
HDBLVT20_AN4_0P5                 1      0.501    gf22nsdllogl20hdl116a_TT_0P80V_0P00V_0P00V_0P00V_25C 
HDBLVT20_AN4_1                  90     45.101    gf22nsdllogl20hdl116a_TT_0P80V_0P00V_0P00V_0P00V_25C 
HDBLVT20_AN6_1                  27     22.550    gf22nsdllogl20hdl116a_TT_0P80V_0P00V_0P00V_0P00V_25C 
HDBLVT20_AN6_2                   2      1.837    gf22nsdllogl20hdl116a_TT_0P80V_0P00V_0P00V_0P00V_25C 
HDBLVT20_AO211_1                63     36.832    gf22nsdllogl20hdl116a_TT_0P80V_0P00V_0P00V_0P00V_25C 
HDBLVT20_AO211_2                 2      1.336    gf22nsdllogl20hdl116a_TT_0P80V_0P00V_0P00V_0P00V_25C 
HDBLVT20_AO211_4                 2      2.339    gf22nsdllogl20hdl116a_TT_0P80V_0P00V_0P00V_0P00V_25C 
HDBLVT20_AO21B_0P5              65     27.144    gf22nsdllogl20hdl116a_TT_0P80V_0P00V_0P00V_0P00V_25C 
HDBLVT20_AO21B_0P75            129     53.870    gf22nsdllogl20hdl116a_TT_0P80V_0P00V_0P00V_0P00V_25C 
HDBLVT20_AO21B_1              1364    569.606    gf22nsdllogl20hdl116a_TT_0P80V_0P00V_0P00V_0P00V_25C 
HDBLVT20_AO21B_1P5               1      0.585    gf22nsdllogl20hdl116a_TT_0P80V_0P00V_0P00V_0P00V_25C 
HDBLVT20_AO21B_2                29     16.955    gf22nsdllogl20hdl116a_TT_0P80V_0P00V_0P00V_0P00V_25C 
HDBLVT20_AO21B_3                 4      3.675    gf22nsdllogl20hdl116a_TT_0P80V_0P00V_0P00V_0P00V_25C 
HDBLVT20_AO21B_6                 1      1.587    gf22nsdllogl20hdl116a_TT_0P80V_0P00V_0P00V_0P00V_25C 
HDBLVT20_AO21_0P5               22      9.187    gf22nsdllogl20hdl116a_TT_0P80V_0P00V_0P00V_0P00V_25C 
HDBLVT20_AO21_1                620    258.912    gf22nsdllogl20hdl116a_TT_0P80V_0P00V_0P00V_0P00V_25C 
HDBLVT20_AO21_2                 42     21.047    gf22nsdllogl20hdl116a_TT_0P80V_0P00V_0P00V_0P00V_25C 
HDBLVT20_AO21_4                  5      4.594    gf22nsdllogl20hdl116a_TT_0P80V_0P00V_0P00V_0P00V_25C 
HDBLVT20_AO21_6                  2      2.673    gf22nsdllogl20hdl116a_TT_0P80V_0P00V_0P00V_0P00V_25C 
HDBLVT20_AO221_1               397    265.260    gf22nsdllogl20hdl116a_TT_0P80V_0P00V_0P00V_0P00V_25C 
HDBLVT20_AO221_2                 1      0.752    gf22nsdllogl20hdl116a_TT_0P80V_0P00V_0P00V_0P00V_25C 
HDBLVT20_AO2222_0P5            157    157.352    gf22nsdllogl20hdl116a_TT_0P80V_0P00V_0P00V_0P00V_25C 
HDBLVT20_AO2222_1              434    434.972    gf22nsdllogl20hdl116a_TT_0P80V_0P00V_0P00V_0P00V_25C 
HDBLVT20_AO222_1              5233   3933.541    gf22nsdllogl20hdl116a_TT_0P80V_0P00V_0P00V_0P00V_25C 
HDBLVT20_AO222_2                 2      1.670    gf22nsdllogl20hdl116a_TT_0P80V_0P00V_0P00V_0P00V_25C 
HDBLVT20_AO222_4                 1      1.503    gf22nsdllogl20hdl116a_TT_0P80V_0P00V_0P00V_0P00V_25C 
HDBLVT20_AO22_1               1259    736.062    gf22nsdllogl20hdl116a_TT_0P80V_0P00V_0P00V_0P00V_25C 
HDBLVT20_AO22_2                  1      0.668    gf22nsdllogl20hdl116a_TT_0P80V_0P00V_0P00V_0P00V_25C 
HDBLVT20_AO22_4                  2      2.339    gf22nsdllogl20hdl116a_TT_0P80V_0P00V_0P00V_0P00V_25C 
HDBLVT20_AO2BB2_0P5             86     43.096    gf22nsdllogl20hdl116a_TT_0P80V_0P00V_0P00V_0P00V_25C 
HDBLVT20_AO2BB2_0P75           341    170.882    gf22nsdllogl20hdl116a_TT_0P80V_0P00V_0P00V_0P00V_25C 
HDBLVT20_AO2BB2_1             2643   1324.460    gf22nsdllogl20hdl116a_TT_0P80V_0P00V_0P00V_0P00V_25C 
HDBLVT20_AO2BB2_2               15     11.275    gf22nsdllogl20hdl116a_TT_0P80V_0P00V_0P00V_0P00V_25C 
HDBLVT20_AO2BB2_3                2      2.339    gf22nsdllogl20hdl116a_TT_0P80V_0P00V_0P00V_0P00V_25C 
HDBLVT20_AO31_0P5                1      0.501    gf22nsdllogl20hdl116a_TT_0P80V_0P00V_0P00V_0P00V_25C 
HDBLVT20_AO31_1                 37     18.541    gf22nsdllogl20hdl116a_TT_0P80V_0P00V_0P00V_0P00V_25C 
HDBLVT20_AO32_0P5                1      0.585    gf22nsdllogl20hdl116a_TT_0P80V_0P00V_0P00V_0P00V_25C 
HDBLVT20_AO32_1                123     71.911    gf22nsdllogl20hdl116a_TT_0P80V_0P00V_0P00V_0P00V_25C 
HDBLVT20_AOA211_2               33     19.293    gf22nsdllogl20hdl116a_TT_0P80V_0P00V_0P00V_0P00V_25C 
HDBLVT20_AOAI211_0P5           102     42.595    gf22nsdllogl20hdl116a_TT_0P80V_0P00V_0P00V_0P00V_25C 
HDBLVT20_AOAI211_0P75          225     93.960    gf22nsdllogl20hdl116a_TT_0P80V_0P00V_0P00V_0P00V_25C 
HDBLVT20_AOAI211_1             334    139.478    gf22nsdllogl20hdl116a_TT_0P80V_0P00V_0P00V_0P00V_25C 
HDBLVT20_AOAI211_2               7      5.262    gf22nsdllogl20hdl116a_TT_0P80V_0P00V_0P00V_0P00V_25C 
HDBLVT20_AOAI211_3               1      1.086    gf22nsdllogl20hdl116a_TT_0P80V_0P00V_0P00V_0P00V_25C 
HDBLVT20_AOAOI2111_0P75        151     75.669    gf22nsdllogl20hdl116a_TT_0P80V_0P00V_0P00V_0P00V_25C 
HDBLVT20_AOAOI2111_1           145     72.662    gf22nsdllogl20hdl116a_TT_0P80V_0P00V_0P00V_0P00V_25C 
HDBLVT20_AOAOI2111_2             5      4.594    gf22nsdllogl20hdl116a_TT_0P80V_0P00V_0P00V_0P00V_25C 
HDBLVT20_AOI211_0P5            669    279.374    gf22nsdllogl20hdl116a_TT_0P80V_0P00V_0P00V_0P00V_25C 
HDBLVT20_AOI211_0P75           201     83.938    gf22nsdllogl20hdl116a_TT_0P80V_0P00V_0P00V_0P00V_25C 
HDBLVT20_AOI211_1              198     82.685    gf22nsdllogl20hdl116a_TT_0P80V_0P00V_0P00V_0P00V_25C 
HDBLVT20_AOI211_1P5              1      0.752    gf22nsdllogl20hdl116a_TT_0P80V_0P00V_0P00V_0P00V_25C 
HDBLVT20_AOI211_2                2      1.503    gf22nsdllogl20hdl116a_TT_0P80V_0P00V_0P00V_0P00V_25C 
HDBLVT20_AOI21B_0P5            476    198.778    gf22nsdllogl20hdl116a_TT_0P80V_0P00V_0P00V_0P00V_25C 
HDBLVT20_AOI21B_1              943    393.797    gf22nsdllogl20hdl116a_TT_0P80V_0P00V_0P00V_0P00V_25C 
HDBLVT20_AOI21B_2               77     51.448    gf22nsdllogl20hdl116a_TT_0P80V_0P00V_0P00V_0P00V_25C 
HDBLVT20_AOI21B_4               10     12.528    gf22nsdllogl20hdl116a_TT_0P80V_0P00V_0P00V_0P00V_25C 
HDBLVT20_AOI21_0P5             364    121.605    gf22nsdllogl20hdl116a_TT_0P80V_0P00V_0P00V_0P00V_25C 
HDBLVT20_AOI21_0P75            246     82.184    gf22nsdllogl20hdl116a_TT_0P80V_0P00V_0P00V_0P00V_25C 
HDBLVT20_AOI21_1               903    301.674    gf22nsdllogl20hdl116a_TT_0P80V_0P00V_0P00V_0P00V_25C 
HDBLVT20_AOI21_2                34     19.878    gf22nsdllogl20hdl116a_TT_0P80V_0P00V_0P00V_0P00V_25C 
HDBLVT20_AOI21_3                 1      0.835    gf22nsdllogl20hdl116a_TT_0P80V_0P00V_0P00V_0P00V_25C 
HDBLVT20_AOI21_MM_2             23     15.368    gf22nsdllogl20hdl116a_TT_0P80V_0P00V_0P00V_0P00V_25C 
HDBLVT20_AOI21_MM_4              3      3.508    gf22nsdllogl20hdl116a_TT_0P80V_0P00V_0P00V_0P00V_25C 
HDBLVT20_AOI221_0P5           2403   1204.191    gf22nsdllogl20hdl116a_TT_0P80V_0P00V_0P00V_0P00V_25C 
HDBLVT20_AOI221_1               11      6.431    gf22nsdllogl20hdl116a_TT_0P80V_0P00V_0P00V_0P00V_25C 
HDBLVT20_AOI221_2                1      0.919    gf22nsdllogl20hdl116a_TT_0P80V_0P00V_0P00V_0P00V_25C 
HDBLVT20_AOI2222_0P5             7      8.185    gf22nsdllogl20hdl116a_TT_0P80V_0P00V_0P00V_0P00V_25C 
HDBLVT20_AOI2222_1              13     15.201    gf22nsdllogl20hdl116a_TT_0P80V_0P00V_0P00V_0P00V_25C 
HDBLVT20_AOI2222_V2_0P5       4048   3380.890    gf22nsdllogl20hdl116a_TT_0P80V_0P00V_0P00V_0P00V_25C 
HDBLVT20_AOI2222_V2_1         3216   2686.003    gf22nsdllogl20hdl116a_TT_0P80V_0P00V_0P00V_0P00V_25C 
HDBLVT20_AOI222_0P5            972    649.452    gf22nsdllogl20hdl116a_TT_0P80V_0P00V_0P00V_0P00V_25C 
HDBLVT20_AOI222_1              842    562.591    gf22nsdllogl20hdl116a_TT_0P80V_0P00V_0P00V_0P00V_25C 
HDBLVT20_AOI222_2                1      1.169    gf22nsdllogl20hdl116a_TT_0P80V_0P00V_0P00V_0P00V_25C 
HDBLVT20_AOI22_0P5             620    258.912    gf22nsdllogl20hdl116a_TT_0P80V_0P00V_0P00V_0P00V_25C 
HDBLVT20_AOI22_0P75           3958   1652.861    gf22nsdllogl20hdl116a_TT_0P80V_0P00V_0P00V_0P00V_25C 
HDBLVT20_AOI22_1              3429   1431.950    gf22nsdllogl20hdl116a_TT_0P80V_0P00V_0P00V_0P00V_25C 
HDBLVT20_AOI22_1P5               2      1.503    gf22nsdllogl20hdl116a_TT_0P80V_0P00V_0P00V_0P00V_25C 
HDBLVT20_AOI22_2                 2      1.503    gf22nsdllogl20hdl116a_TT_0P80V_0P00V_0P00V_0P00V_25C 
HDBLVT20_AOI22_3                 4      4.343    gf22nsdllogl20hdl116a_TT_0P80V_0P00V_0P00V_0P00V_25C 
HDBLVT20_AOI22_MM_0P5         1102    460.195    gf22nsdllogl20hdl116a_TT_0P80V_0P00V_0P00V_0P00V_25C 
HDBLVT20_AOI22_MM_1           2726   1138.378    gf22nsdllogl20hdl116a_TT_0P80V_0P00V_0P00V_0P00V_25C 
HDBLVT20_AOI22_MM_1P5            1      0.752    gf22nsdllogl20hdl116a_TT_0P80V_0P00V_0P00V_0P00V_25C 
HDBLVT20_AOI22_MM_2             33     24.805    gf22nsdllogl20hdl116a_TT_0P80V_0P00V_0P00V_0P00V_25C 
HDBLVT20_AOI31_0P5              87     36.331    gf22nsdllogl20hdl116a_TT_0P80V_0P00V_0P00V_0P00V_25C 
HDBLVT20_AOI31_0P75             14      5.846    gf22nsdllogl20hdl116a_TT_0P80V_0P00V_0P00V_0P00V_25C 
HDBLVT20_AOI31_1                70     29.232    gf22nsdllogl20hdl116a_TT_0P80V_0P00V_0P00V_0P00V_25C 
HDBLVT20_AOI31_2                 2      1.503    gf22nsdllogl20hdl116a_TT_0P80V_0P00V_0P00V_0P00V_25C 
HDBLVT20_AOI32_1               248    124.278    gf22nsdllogl20hdl116a_TT_0P80V_0P00V_0P00V_0P00V_25C 
HDBLVT20_AOI33_1                22     12.862    gf22nsdllogl20hdl116a_TT_0P80V_0P00V_0P00V_0P00V_25C 
HDBLVT20_BUF_0P5               128     32.072    gf22nsdllogl20hdl116a_TT_0P80V_0P00V_0P00V_0P00V_25C 
HDBLVT20_BUF_1                 424    106.237    gf22nsdllogl20hdl116a_TT_0P80V_0P00V_0P00V_0P00V_25C 
HDBLVT20_BUF_2                  44     14.700    gf22nsdllogl20hdl116a_TT_0P80V_0P00V_0P00V_0P00V_25C 
HDBLVT20_BUF_3P5               149     87.111    gf22nsdllogl20hdl116a_TT_0P80V_0P00V_0P00V_0P00V_25C 
HDBLVT20_BUF_5                  34     25.557    gf22nsdllogl20hdl116a_TT_0P80V_0P00V_0P00V_0P00V_25C 
HDBLVT20_BUF_6                   1      0.835    gf22nsdllogl20hdl116a_TT_0P80V_0P00V_0P00V_0P00V_25C 
HDBLVT20_BUF_6P5                 1      1.002    gf22nsdllogl20hdl116a_TT_0P80V_0P00V_0P00V_0P00V_25C 
HDBLVT20_BUF_D_4                 1      0.501    gf22nsdllogl20hdl116a_TT_0P80V_0P00V_0P00V_0P00V_25C 
HDBLVT20_BUF_D_8                 7      6.431    gf22nsdllogl20hdl116a_TT_0P80V_0P00V_0P00V_0P00V_25C 
HDBLVT20_BUF_M_3                12      5.011    gf22nsdllogl20hdl116a_TT_0P80V_0P00V_0P00V_0P00V_25C 
HDBLVT20_BUF_M_4                26     17.372    gf22nsdllogl20hdl116a_TT_0P80V_0P00V_0P00V_0P00V_25C 
HDBLVT20_BUF_M_6                 5      3.758    gf22nsdllogl20hdl116a_TT_0P80V_0P00V_0P00V_0P00V_25C 
HDBLVT20_BUF_M_9                 1      1.086    gf22nsdllogl20hdl116a_TT_0P80V_0P00V_0P00V_0P00V_25C 
HDBLVT20_EN2_1                   6      4.009    gf22nsdllogl20hdl116a_TT_0P80V_0P00V_0P00V_0P00V_25C 
HDBLVT20_EN2_2                   2      1.503    gf22nsdllogl20hdl116a_TT_0P80V_0P00V_0P00V_0P00V_25C 
HDBLVT20_EN2_3                   5      5.429    gf22nsdllogl20hdl116a_TT_0P80V_0P00V_0P00V_0P00V_25C 
HDBLVT20_EN2_4                   1      1.169    gf22nsdllogl20hdl116a_TT_0P80V_0P00V_0P00V_0P00V_25C 
HDBLVT20_EN2_D_8                 2      3.174    gf22nsdllogl20hdl116a_TT_0P80V_0P00V_0P00V_0P00V_25C 
HDBLVT20_EN2_V2_1             6379   3196.644    gf22nsdllogl20hdl116a_TT_0P80V_0P00V_0P00V_0P00V_25C 
HDBLVT20_EN2_V2_2                3      2.255    gf22nsdllogl20hdl116a_TT_0P80V_0P00V_0P00V_0P00V_25C 
HDBLVT20_EN2_V2_3                4      4.677    gf22nsdllogl20hdl116a_TT_0P80V_0P00V_0P00V_0P00V_25C 
HDBLVT20_EN3_1                  44     58.798    gf22nsdllogl20hdl116a_TT_0P80V_0P00V_0P00V_0P00V_25C 
HDBLVT20_EO2_0P5                 3      2.004    gf22nsdllogl20hdl116a_TT_0P80V_0P00V_0P00V_0P00V_25C 
HDBLVT20_EO2_1                  16     10.691    gf22nsdllogl20hdl116a_TT_0P80V_0P00V_0P00V_0P00V_25C 
HDBLVT20_EO2_2                   6      4.510    gf22nsdllogl20hdl116a_TT_0P80V_0P00V_0P00V_0P00V_25C 
HDBLVT20_EO2_3                   2      2.172    gf22nsdllogl20hdl116a_TT_0P80V_0P00V_0P00V_0P00V_25C 
HDBLVT20_EO2_F_2                 1      1.002    gf22nsdllogl20hdl116a_TT_0P80V_0P00V_0P00V_0P00V_25C 
HDBLVT20_EO2_MM_6                2      2.673    gf22nsdllogl20hdl116a_TT_0P80V_0P00V_0P00V_0P00V_25C 
HDBLVT20_EO2_V2_0P5             94     47.105    gf22nsdllogl20hdl116a_TT_0P80V_0P00V_0P00V_0P00V_25C 
HDBLVT20_EO2_V2_1             2899   1452.747    gf22nsdllogl20hdl116a_TT_0P80V_0P00V_0P00V_0P00V_25C 
HDBLVT20_EO3_1                 134    179.067    gf22nsdllogl20hdl116a_TT_0P80V_0P00V_0P00V_0P00V_25C 
HDBLVT20_FDPRBQ_1               67    117.513    gf22nsdllogl20hdl116a_TT_0P80V_0P00V_0P00V_0P00V_25C 
HDBLVT20_FDPRBQ_2                3      5.512    gf22nsdllogl20hdl116a_TT_0P80V_0P00V_0P00V_0P00V_25C 
HDBLVT20_FDPRBQ_V2_1         10214  14502.246    gf22nsdllogl20hdl116a_TT_0P80V_0P00V_0P00V_0P00V_25C 
HDBLVT20_FDPRBQ_V2_2           216    324.726    gf22nsdllogl20hdl116a_TT_0P80V_0P00V_0P00V_0P00V_25C 
HDBLVT20_FDPRBQ_V2_3             9     14.282    gf22nsdllogl20hdl116a_TT_0P80V_0P00V_0P00V_0P00V_25C 
HDBLVT20_FDPRBSBQ_2            171    328.484    gf22nsdllogl20hdl116a_TT_0P80V_0P00V_0P00V_0P00V_25C 
HDBLVT20_FDPSBQ_1               25     41.760    gf22nsdllogl20hdl116a_TT_0P80V_0P00V_0P00V_0P00V_25C 
HDBLVT20_FSDPQ_D_1               4      6.348    gf22nsdllogl20hdl116a_TT_0P80V_0P00V_0P00V_0P00V_25C 
HDBLVT20_FSDPRBQ_12              1      3.591    gf22nsdllogl20hdl116a_TT_0P80V_0P00V_0P00V_0P00V_25C 
HDBLVT20_FSDPRBQ_3              18     46.604    gf22nsdllogl20hdl116a_TT_0P80V_0P00V_0P00V_0P00V_25C 
HDBLVT20_FSDPRBQ_4               9     24.054    gf22nsdllogl20hdl116a_TT_0P80V_0P00V_0P00V_0P00V_25C 
HDBLVT20_FSDPRBQ_8               2      6.348    gf22nsdllogl20hdl116a_TT_0P80V_0P00V_0P00V_0P00V_25C 
HDBLVT20_FSDPRBQ_D_1         12229  21448.688    gf22nsdllogl20hdl116a_TT_0P80V_0P00V_0P00V_0P00V_25C 
HDBLVT20_FSDPRBQ_D_1P5         481    883.809    gf22nsdllogl20hdl116a_TT_0P80V_0P00V_0P00V_0P00V_25C 
HDBLVT20_FSDPRBQ_D_2            14     25.724    gf22nsdllogl20hdl116a_TT_0P80V_0P00V_0P00V_0P00V_25C 
HDBLVT20_FSDPRBQ_D_4            54    108.242    gf22nsdllogl20hdl116a_TT_0P80V_0P00V_0P00V_0P00V_25C 
HDBLVT20_FSDPRBQ_D_6            25     58.464    gf22nsdllogl20hdl116a_TT_0P80V_0P00V_0P00V_0P00V_25C 
HDBLVT20_FSDPRBQ_F4_4            8     31.404    gf22nsdllogl20hdl116a_TT_0P80V_0P00V_0P00V_0P00V_25C 
HDBLVT20_FSDPRBQ_F4_6            2      8.185    gf22nsdllogl20hdl116a_TT_0P80V_0P00V_0P00V_0P00V_25C 
HDBLVT20_FSDPRBQ_SU3_1          19     46.020    gf22nsdllogl20hdl116a_TT_0P80V_0P00V_0P00V_0P00V_25C 
HDBLVT20_FSDPRBQ_SU3_4           1      2.673    gf22nsdllogl20hdl116a_TT_0P80V_0P00V_0P00V_0P00V_25C 
HDBLVT20_FSDPRBQ_V2_3           32     66.816    gf22nsdllogl20hdl116a_TT_0P80V_0P00V_0P00V_0P00V_25C 
HDBLVT20_FSDPRBQ_V3_1            1      3.007    gf22nsdllogl20hdl116a_TT_0P80V_0P00V_0P00V_0P00V_25C 
HDBLVT20_FSDPRBQ_V3_6            1      3.591    gf22nsdllogl20hdl116a_TT_0P80V_0P00V_0P00V_0P00V_25C 
HDBLVT20_FSDPRBSBQ_1             1      2.422    gf22nsdllogl20hdl116a_TT_0P80V_0P00V_0P00V_0P00V_25C 
HDBLVT20_FSDPSBQ_D_2            13     24.972    gf22nsdllogl20hdl116a_TT_0P80V_0P00V_0P00V_0P00V_25C 
HDBLVT20_INV_0P75             1807    301.841    gf22nsdllogl20hdl116a_TT_0P80V_0P00V_0P00V_0P00V_25C 
HDBLVT20_INV_1               13585   2269.238    gf22nsdllogl20hdl116a_TT_0P80V_0P00V_0P00V_0P00V_25C 
HDBLVT20_INV_10                  8      7.350    gf22nsdllogl20hdl116a_TT_0P80V_0P00V_0P00V_0P00V_25C 
HDBLVT20_INV_12                 13     14.115    gf22nsdllogl20hdl116a_TT_0P80V_0P00V_0P00V_0P00V_25C 
HDBLVT20_INV_15                  5      6.682    gf22nsdllogl20hdl116a_TT_0P80V_0P00V_0P00V_0P00V_25C 
HDBLVT20_INV_16                  2      2.840    gf22nsdllogl20hdl116a_TT_0P80V_0P00V_0P00V_0P00V_25C 
HDBLVT20_INV_18                  4      6.348    gf22nsdllogl20hdl116a_TT_0P80V_0P00V_0P00V_0P00V_25C 
HDBLVT20_INV_1P5                80     20.045    gf22nsdllogl20hdl116a_TT_0P80V_0P00V_0P00V_0P00V_25C 
HDBLVT20_INV_2                 884    221.495    gf22nsdllogl20hdl116a_TT_0P80V_0P00V_0P00V_0P00V_25C 
HDBLVT20_INV_3                 243     81.181    gf22nsdllogl20hdl116a_TT_0P80V_0P00V_0P00V_0P00V_25C 
HDBLVT20_INV_4                 161     67.234    gf22nsdllogl20hdl116a_TT_0P80V_0P00V_0P00V_0P00V_25C 
HDBLVT20_INV_5                 123     61.638    gf22nsdllogl20hdl116a_TT_0P80V_0P00V_0P00V_0P00V_25C 
HDBLVT20_INV_6                  80     46.771    gf22nsdllogl20hdl116a_TT_0P80V_0P00V_0P00V_0P00V_25C 
HDBLVT20_INV_8                  43     32.322    gf22nsdllogl20hdl116a_TT_0P80V_0P00V_0P00V_0P00V_25C 
HDBLVT20_INV_9                  14     11.693    gf22nsdllogl20hdl116a_TT_0P80V_0P00V_0P00V_0P00V_25C 
HDBLVT20_INV_S_10                1      1.086    gf22nsdllogl20hdl116a_TT_0P80V_0P00V_0P00V_0P00V_25C 
HDBLVT20_INV_S_12                2      2.506    gf22nsdllogl20hdl116a_TT_0P80V_0P00V_0P00V_0P00V_25C 
HDBLVT20_INV_S_16                1      1.587    gf22nsdllogl20hdl116a_TT_0P80V_0P00V_0P00V_0P00V_25C 
HDBLVT20_INV_S_2                16      6.682    gf22nsdllogl20hdl116a_TT_0P80V_0P00V_0P00V_0P00V_25C 
HDBLVT20_INV_S_3                 1      0.501    gf22nsdllogl20hdl116a_TT_0P80V_0P00V_0P00V_0P00V_25C 
HDBLVT20_INV_S_4                 4      2.339    gf22nsdllogl20hdl116a_TT_0P80V_0P00V_0P00V_0P00V_25C 
HDBLVT20_INV_S_6                 1      0.752    gf22nsdllogl20hdl116a_TT_0P80V_0P00V_0P00V_0P00V_25C 
HDBLVT20_INV_S_7                 1      0.835    gf22nsdllogl20hdl116a_TT_0P80V_0P00V_0P00V_0P00V_25C 
HDBLVT20_INV_S_8                 1      0.919    gf22nsdllogl20hdl116a_TT_0P80V_0P00V_0P00V_0P00V_25C 
HDBLVT20_MAJ3_1                303    177.146    gf22nsdllogl20hdl116a_TT_0P80V_0P00V_0P00V_0P00V_25C 
HDBLVT20_MAJ3_2                  2      1.336    gf22nsdllogl20hdl116a_TT_0P80V_0P00V_0P00V_0P00V_25C 
HDBLVT20_MAJI3B_0P5              3      1.754    gf22nsdllogl20hdl116a_TT_0P80V_0P00V_0P00V_0P00V_25C 
HDBLVT20_MAJI3B_1              144     84.188    gf22nsdllogl20hdl116a_TT_0P80V_0P00V_0P00V_0P00V_25C 
HDBLVT20_MAJI3B_2                1      1.002    gf22nsdllogl20hdl116a_TT_0P80V_0P00V_0P00V_0P00V_25C 
HDBLVT20_MAJI3_1               301    150.837    gf22nsdllogl20hdl116a_TT_0P80V_0P00V_0P00V_0P00V_25C 
HDBLVT20_MAJI3_2                 2      1.837    gf22nsdllogl20hdl116a_TT_0P80V_0P00V_0P00V_0P00V_25C 
HDBLVT20_MUX2_1                  8      5.345    gf22nsdllogl20hdl116a_TT_0P80V_0P00V_0P00V_0P00V_25C 
HDBLVT20_MUX2_2                  4      3.007    gf22nsdllogl20hdl116a_TT_0P80V_0P00V_0P00V_0P00V_25C 
HDBLVT20_MUX2_4                  5      6.264    gf22nsdllogl20hdl116a_TT_0P80V_0P00V_0P00V_0P00V_25C 
HDBLVT20_MUX2_D_8                2      3.174    gf22nsdllogl20hdl116a_TT_0P80V_0P00V_0P00V_0P00V_25C 
HDBLVT20_MUX2_MM_0P5             3      2.004    gf22nsdllogl20hdl116a_TT_0P80V_0P00V_0P00V_0P00V_25C 
HDBLVT20_MUX2_MM_1              55     36.749    gf22nsdllogl20hdl116a_TT_0P80V_0P00V_0P00V_0P00V_25C 
HDBLVT20_MUXI2_1                45     26.309    gf22nsdllogl20hdl116a_TT_0P80V_0P00V_0P00V_0P00V_25C 
HDBLVT20_MUXI2_2                13     11.943    gf22nsdllogl20hdl116a_TT_0P80V_0P00V_0P00V_0P00V_25C 
HDBLVT20_MUXI2_MM_1             16      9.354    gf22nsdllogl20hdl116a_TT_0P80V_0P00V_0P00V_0P00V_25C 
HDBLVT20_MUXI2_MM_2              3      2.756    gf22nsdllogl20hdl116a_TT_0P80V_0P00V_0P00V_0P00V_25C 
HDBLVT20_MUXI2_V2_2             22     22.049    gf22nsdllogl20hdl116a_TT_0P80V_0P00V_0P00V_0P00V_25C 
HDBLVT20_MUXI2_V2_3              7      9.354    gf22nsdllogl20hdl116a_TT_0P80V_0P00V_0P00V_0P00V_25C 
HDBLVT20_ND2B_0P5              134     44.767    gf22nsdllogl20hdl116a_TT_0P80V_0P00V_0P00V_0P00V_25C 
HDBLVT20_ND2B_1                555    185.414    gf22nsdllogl20hdl116a_TT_0P80V_0P00V_0P00V_0P00V_25C 
HDBLVT20_ND2B_2                 49     24.555    gf22nsdllogl20hdl116a_TT_0P80V_0P00V_0P00V_0P00V_25C 
HDBLVT20_ND2B_3                  4      3.007    gf22nsdllogl20hdl116a_TT_0P80V_0P00V_0P00V_0P00V_25C 
HDBLVT20_ND2B_4                  4      3.675    gf22nsdllogl20hdl116a_TT_0P80V_0P00V_0P00V_0P00V_25C 
HDBLVT20_ND2B_MM_1              24     10.022    gf22nsdllogl20hdl116a_TT_0P80V_0P00V_0P00V_0P00V_25C 
HDBLVT20_ND2B_MM_4               1      0.919    gf22nsdllogl20hdl116a_TT_0P80V_0P00V_0P00V_0P00V_25C 
HDBLVT20_ND2B_V1_1            1146    382.856    gf22nsdllogl20hdl116a_TT_0P80V_0P00V_0P00V_0P00V_25C 
HDBLVT20_ND2B_V1_2              17      8.519    gf22nsdllogl20hdl116a_TT_0P80V_0P00V_0P00V_0P00V_25C 
HDBLVT20_ND2_0P75             3922    982.696    gf22nsdllogl20hdl116a_TT_0P80V_0P00V_0P00V_0P00V_25C 
HDBLVT20_ND2_1                2832    709.586    gf22nsdllogl20hdl116a_TT_0P80V_0P00V_0P00V_0P00V_25C 
HDBLVT20_ND2_10                  1      1.754    gf22nsdllogl20hdl116a_TT_0P80V_0P00V_0P00V_0P00V_25C 
HDBLVT20_ND2_12                  1      2.088    gf22nsdllogl20hdl116a_TT_0P80V_0P00V_0P00V_0P00V_25C 
HDBLVT20_ND2_1P5                 3      1.253    gf22nsdllogl20hdl116a_TT_0P80V_0P00V_0P00V_0P00V_25C 
HDBLVT20_ND2_2                 128     53.453    gf22nsdllogl20hdl116a_TT_0P80V_0P00V_0P00V_0P00V_25C 
HDBLVT20_ND2_3                  44     25.724    gf22nsdllogl20hdl116a_TT_0P80V_0P00V_0P00V_0P00V_25C 
HDBLVT20_ND2_4                  18     13.530    gf22nsdllogl20hdl116a_TT_0P80V_0P00V_0P00V_0P00V_25C 
HDBLVT20_ND2_5                   4      3.675    gf22nsdllogl20hdl116a_TT_0P80V_0P00V_0P00V_0P00V_25C 
HDBLVT20_ND2_6                   6      6.515    gf22nsdllogl20hdl116a_TT_0P80V_0P00V_0P00V_0P00V_25C 
HDBLVT20_ND2_8                   1      1.420    gf22nsdllogl20hdl116a_TT_0P80V_0P00V_0P00V_0P00V_25C 
HDBLVT20_ND2_MM_0P5           1783    446.748    gf22nsdllogl20hdl116a_TT_0P80V_0P00V_0P00V_0P00V_25C 
HDBLVT20_ND2_MM_1             4584   1148.567    gf22nsdllogl20hdl116a_TT_0P80V_0P00V_0P00V_0P00V_25C 
HDBLVT20_ND2_MM_10               1      1.754    gf22nsdllogl20hdl116a_TT_0P80V_0P00V_0P00V_0P00V_25C 
HDBLVT20_ND2_MM_2              194     81.014    gf22nsdllogl20hdl116a_TT_0P80V_0P00V_0P00V_0P00V_25C 
HDBLVT20_ND2_MM_3               16      9.354    gf22nsdllogl20hdl116a_TT_0P80V_0P00V_0P00V_0P00V_25C 
HDBLVT20_ND2_MM_4               18     13.530    gf22nsdllogl20hdl116a_TT_0P80V_0P00V_0P00V_0P00V_25C 
HDBLVT20_ND2_MM_5                5      4.594    gf22nsdllogl20hdl116a_TT_0P80V_0P00V_0P00V_0P00V_25C 
HDBLVT20_ND2_MM_6                4      4.343    gf22nsdllogl20hdl116a_TT_0P80V_0P00V_0P00V_0P00V_25C 
HDBLVT20_ND2_MM_7                7      8.770    gf22nsdllogl20hdl116a_TT_0P80V_0P00V_0P00V_0P00V_25C 
HDBLVT20_ND3B_0P5               13      5.429    gf22nsdllogl20hdl116a_TT_0P80V_0P00V_0P00V_0P00V_25C 
HDBLVT20_ND3B_1                134     55.958    gf22nsdllogl20hdl116a_TT_0P80V_0P00V_0P00V_0P00V_25C 
HDBLVT20_ND3B_2                  1      0.668    gf22nsdllogl20hdl116a_TT_0P80V_0P00V_0P00V_0P00V_25C 
HDBLVT20_ND3_0P75              678    226.506    gf22nsdllogl20hdl116a_TT_0P80V_0P00V_0P00V_0P00V_25C 
HDBLVT20_ND3_1                 569    190.092    gf22nsdllogl20hdl116a_TT_0P80V_0P00V_0P00V_0P00V_25C 
HDBLVT20_ND3_2                  29     16.955    gf22nsdllogl20hdl116a_TT_0P80V_0P00V_0P00V_0P00V_25C 
HDBLVT20_ND3_4                   1      1.086    gf22nsdllogl20hdl116a_TT_0P80V_0P00V_0P00V_0P00V_25C 
HDBLVT20_ND3_MM_0P5            612    204.457    gf22nsdllogl20hdl116a_TT_0P80V_0P00V_0P00V_0P00V_25C 
HDBLVT20_ND3_MM_2               15     11.275    gf22nsdllogl20hdl116a_TT_0P80V_0P00V_0P00V_0P00V_25C 
HDBLVT20_ND3_MM_3               10      8.352    gf22nsdllogl20hdl116a_TT_0P80V_0P00V_0P00V_0P00V_25C 
HDBLVT20_ND3_MM_4                2      2.172    gf22nsdllogl20hdl116a_TT_0P80V_0P00V_0P00V_0P00V_25C 
HDBLVT20_ND4BB_1                17     11.359    gf22nsdllogl20hdl116a_TT_0P80V_0P00V_0P00V_0P00V_25C 
HDBLVT20_ND4B_1                152     76.170    gf22nsdllogl20hdl116a_TT_0P80V_0P00V_0P00V_0P00V_25C 
HDBLVT20_ND4_0P5                29     12.110    gf22nsdllogl20hdl116a_TT_0P80V_0P00V_0P00V_0P00V_25C 
HDBLVT20_ND4_0P75               35     14.616    gf22nsdllogl20hdl116a_TT_0P80V_0P00V_0P00V_0P00V_25C 
HDBLVT20_ND4_1                  84     35.078    gf22nsdllogl20hdl116a_TT_0P80V_0P00V_0P00V_0P00V_25C 
HDBLVT20_ND4_2                   4      3.007    gf22nsdllogl20hdl116a_TT_0P80V_0P00V_0P00V_0P00V_25C 
HDBLVT20_ND4_MM_0P5             26     10.858    gf22nsdllogl20hdl116a_TT_0P80V_0P00V_0P00V_0P00V_25C 
HDBLVT20_ND4_MM_1             1543    644.357    gf22nsdllogl20hdl116a_TT_0P80V_0P00V_0P00V_0P00V_25C 
HDBLVT20_ND4_MM_1P5              1      0.835    gf22nsdllogl20hdl116a_TT_0P80V_0P00V_0P00V_0P00V_25C 
HDBLVT20_ND4_MM_2                5      4.176    gf22nsdllogl20hdl116a_TT_0P80V_0P00V_0P00V_0P00V_25C 
HDBLVT20_ND4_MM_3                1      1.169    gf22nsdllogl20hdl116a_TT_0P80V_0P00V_0P00V_0P00V_25C 
HDBLVT20_ND4_MM_4                1      1.503    gf22nsdllogl20hdl116a_TT_0P80V_0P00V_0P00V_0P00V_25C 
HDBLVT20_NR2B_0P5              351    117.262    gf22nsdllogl20hdl116a_TT_0P80V_0P00V_0P00V_0P00V_25C 
HDBLVT20_NR2B_1                767    256.239    gf22nsdllogl20hdl116a_TT_0P80V_0P00V_0P00V_0P00V_25C 
HDBLVT20_NR2B_1P5                2      1.002    gf22nsdllogl20hdl116a_TT_0P80V_0P00V_0P00V_0P00V_25C 
HDBLVT20_NR2B_2                 35     17.539    gf22nsdllogl20hdl116a_TT_0P80V_0P00V_0P00V_0P00V_25C 
HDBLVT20_NR2B_3                  9      6.765    gf22nsdllogl20hdl116a_TT_0P80V_0P00V_0P00V_0P00V_25C 
HDBLVT20_NR2B_4                 13     11.943    gf22nsdllogl20hdl116a_TT_0P80V_0P00V_0P00V_0P00V_25C 
HDBLVT20_NR2B_6                  2      2.673    gf22nsdllogl20hdl116a_TT_0P80V_0P00V_0P00V_0P00V_25C 
HDBLVT20_NR2B_8                  1      1.754    gf22nsdllogl20hdl116a_TT_0P80V_0P00V_0P00V_0P00V_25C 
HDBLVT20_NR2B_V1_1             967    323.055    gf22nsdllogl20hdl116a_TT_0P80V_0P00V_0P00V_0P00V_25C 
HDBLVT20_NR2B_V1_2              54     27.060    gf22nsdllogl20hdl116a_TT_0P80V_0P00V_0P00V_0P00V_25C 
HDBLVT20_NR2_1                3633    910.284    gf22nsdllogl20hdl116a_TT_0P80V_0P00V_0P00V_0P00V_25C 
HDBLVT20_NR2_12                  2      4.176    gf22nsdllogl20hdl116a_TT_0P80V_0P00V_0P00V_0P00V_25C 
HDBLVT20_NR2_1P5                11      4.594    gf22nsdllogl20hdl116a_TT_0P80V_0P00V_0P00V_0P00V_25C 
HDBLVT20_NR2_2                 118     49.277    gf22nsdllogl20hdl116a_TT_0P80V_0P00V_0P00V_0P00V_25C 
HDBLVT20_NR2_3                  36     21.047    gf22nsdllogl20hdl116a_TT_0P80V_0P00V_0P00V_0P00V_25C 
HDBLVT20_NR2_4                  13      9.772    gf22nsdllogl20hdl116a_TT_0P80V_0P00V_0P00V_0P00V_25C 
HDBLVT20_NR2_6                   4      4.343    gf22nsdllogl20hdl116a_TT_0P80V_0P00V_0P00V_0P00V_25C 
HDBLVT20_NR2_8                   2      2.840    gf22nsdllogl20hdl116a_TT_0P80V_0P00V_0P00V_0P00V_25C 
HDBLVT20_NR2_MM_0P5              1      0.251    gf22nsdllogl20hdl116a_TT_0P80V_0P00V_0P00V_0P00V_25C 
HDBLVT20_NR2_MM_1             5069   1270.089    gf22nsdllogl20hdl116a_TT_0P80V_0P00V_0P00V_0P00V_25C 
HDBLVT20_NR2_MM_16               3      8.268    gf22nsdllogl20hdl116a_TT_0P80V_0P00V_0P00V_0P00V_25C 
HDBLVT20_NR2_MM_1P5             16      6.682    gf22nsdllogl20hdl116a_TT_0P80V_0P00V_0P00V_0P00V_25C 
HDBLVT20_NR2_MM_2              246    102.730    gf22nsdllogl20hdl116a_TT_0P80V_0P00V_0P00V_0P00V_25C 
HDBLVT20_NR2_MM_3               16      9.354    gf22nsdllogl20hdl116a_TT_0P80V_0P00V_0P00V_0P00V_25C 
HDBLVT20_NR2_MM_4               20     15.034    gf22nsdllogl20hdl116a_TT_0P80V_0P00V_0P00V_0P00V_25C 
HDBLVT20_NR2_MM_5               16     14.700    gf22nsdllogl20hdl116a_TT_0P80V_0P00V_0P00V_0P00V_25C 
HDBLVT20_NR2_MM_6                4      4.343    gf22nsdllogl20hdl116a_TT_0P80V_0P00V_0P00V_0P00V_25C 
HDBLVT20_NR2_MM_8                8     11.359    gf22nsdllogl20hdl116a_TT_0P80V_0P00V_0P00V_0P00V_25C 
HDBLVT20_NR3_0P75              552    184.412    gf22nsdllogl20hdl116a_TT_0P80V_0P00V_0P00V_0P00V_25C 
HDBLVT20_NR4BB_0P75              1      0.668    gf22nsdllogl20hdl116a_TT_0P80V_0P00V_0P00V_0P00V_25C 
HDBLVT20_NR4BB_1                13      8.686    gf22nsdllogl20hdl116a_TT_0P80V_0P00V_0P00V_0P00V_25C 
HDBLVT20_NR4B_1                158     79.177    gf22nsdllogl20hdl116a_TT_0P80V_0P00V_0P00V_0P00V_25C 
HDBLVT20_NR4_0P5               845    352.872    gf22nsdllogl20hdl116a_TT_0P80V_0P00V_0P00V_0P00V_25C 
HDBLVT20_NR4_0P75               16      6.682    gf22nsdllogl20hdl116a_TT_0P80V_0P00V_0P00V_0P00V_25C 
HDBLVT20_NR4_1                 124     51.782    gf22nsdllogl20hdl116a_TT_0P80V_0P00V_0P00V_0P00V_25C 
HDBLVT20_NR4_2                   5      3.758    gf22nsdllogl20hdl116a_TT_0P80V_0P00V_0P00V_0P00V_25C 
HDBLVT20_OA21B_0P5              54     22.550    gf22nsdllogl20hdl116a_TT_0P80V_0P00V_0P00V_0P00V_25C 
HDBLVT20_OA21B_1               148     61.805    gf22nsdllogl20hdl116a_TT_0P80V_0P00V_0P00V_0P00V_25C 
HDBLVT20_OA21B_2                17      9.939    gf22nsdllogl20hdl116a_TT_0P80V_0P00V_0P00V_0P00V_25C 
HDBLVT20_OA21B_4                 2      2.172    gf22nsdllogl20hdl116a_TT_0P80V_0P00V_0P00V_0P00V_25C 
HDBLVT20_OA21B_D_8               2      3.508    gf22nsdllogl20hdl116a_TT_0P80V_0P00V_0P00V_0P00V_25C 
HDBLVT20_OA21_1                474    197.942    gf22nsdllogl20hdl116a_TT_0P80V_0P00V_0P00V_0P00V_25C 
HDBLVT20_OA21_2                 27     13.530    gf22nsdllogl20hdl116a_TT_0P80V_0P00V_0P00V_0P00V_25C 
HDBLVT20_OA21_4                  4      3.675    gf22nsdllogl20hdl116a_TT_0P80V_0P00V_0P00V_0P00V_25C 
HDBLVT20_OA21_8                  1      1.754    gf22nsdllogl20hdl116a_TT_0P80V_0P00V_0P00V_0P00V_25C 
HDBLVT20_OA22_1                 38     22.216    gf22nsdllogl20hdl116a_TT_0P80V_0P00V_0P00V_0P00V_25C 
HDBLVT20_OA22_2                  2      1.336    gf22nsdllogl20hdl116a_TT_0P80V_0P00V_0P00V_0P00V_25C 
HDBLVT20_OA22_3                  1      1.086    gf22nsdllogl20hdl116a_TT_0P80V_0P00V_0P00V_0P00V_25C 
HDBLVT20_OA2BB2_0P5             24     12.027    gf22nsdllogl20hdl116a_TT_0P80V_0P00V_0P00V_0P00V_25C 
HDBLVT20_OA2BB2_1             1230    616.378    gf22nsdllogl20hdl116a_TT_0P80V_0P00V_0P00V_0P00V_25C 
HDBLVT20_OA2BB2_2               23     17.289    gf22nsdllogl20hdl116a_TT_0P80V_0P00V_0P00V_0P00V_25C 
HDBLVT20_OA2BB2_4               10     14.198    gf22nsdllogl20hdl116a_TT_0P80V_0P00V_0P00V_0P00V_25C 
HDBLVT20_OA31_1                 26     13.029    gf22nsdllogl20hdl116a_TT_0P80V_0P00V_0P00V_0P00V_25C 
HDBLVT20_OA31_4                  1      1.086    gf22nsdllogl20hdl116a_TT_0P80V_0P00V_0P00V_0P00V_25C 
HDBLVT20_OA32_1                 58     33.909    gf22nsdllogl20hdl116a_TT_0P80V_0P00V_0P00V_0P00V_25C 
HDBLVT20_OA33_1                  7      4.677    gf22nsdllogl20hdl116a_TT_0P80V_0P00V_0P00V_0P00V_25C 
HDBLVT20_OAI2111_1            1100    551.232    gf22nsdllogl20hdl116a_TT_0P80V_0P00V_0P00V_0P00V_25C 
HDBLVT20_OAI2111_2               1      0.919    gf22nsdllogl20hdl116a_TT_0P80V_0P00V_0P00V_0P00V_25C 
HDBLVT20_OAI211_0P5             36     15.034    gf22nsdllogl20hdl116a_TT_0P80V_0P00V_0P00V_0P00V_25C 
HDBLVT20_OAI211_0P75            96     40.090    gf22nsdllogl20hdl116a_TT_0P80V_0P00V_0P00V_0P00V_25C 
HDBLVT20_OAI211_1              746    311.530    gf22nsdllogl20hdl116a_TT_0P80V_0P00V_0P00V_0P00V_25C 
HDBLVT20_OAI211_2                3      2.255    gf22nsdllogl20hdl116a_TT_0P80V_0P00V_0P00V_0P00V_25C 
HDBLVT20_OAI21B_0P5            109     45.518    gf22nsdllogl20hdl116a_TT_0P80V_0P00V_0P00V_0P00V_25C 
HDBLVT20_OAI21B_1              724    302.342    gf22nsdllogl20hdl116a_TT_0P80V_0P00V_0P00V_0P00V_25C 
HDBLVT20_OAI21B_2               23     15.368    gf22nsdllogl20hdl116a_TT_0P80V_0P00V_0P00V_0P00V_25C 
HDBLVT20_OAI21B_4                2      2.506    gf22nsdllogl20hdl116a_TT_0P80V_0P00V_0P00V_0P00V_25C 
HDBLVT20_OAI21_0P5             350    116.928    gf22nsdllogl20hdl116a_TT_0P80V_0P00V_0P00V_0P00V_25C 
HDBLVT20_OAI21_0P75           1384    462.367    gf22nsdllogl20hdl116a_TT_0P80V_0P00V_0P00V_0P00V_25C 
HDBLVT20_OAI21_1P5               3      1.754    gf22nsdllogl20hdl116a_TT_0P80V_0P00V_0P00V_0P00V_25C 
HDBLVT20_OAI21_2                67     39.171    gf22nsdllogl20hdl116a_TT_0P80V_0P00V_0P00V_0P00V_25C 
HDBLVT20_OAI21_3                 2      1.670    gf22nsdllogl20hdl116a_TT_0P80V_0P00V_0P00V_0P00V_25C 
HDBLVT20_OAI21_4                 4      4.343    gf22nsdllogl20hdl116a_TT_0P80V_0P00V_0P00V_0P00V_25C 
HDBLVT20_OAI21_6                 1      1.587    gf22nsdllogl20hdl116a_TT_0P80V_0P00V_0P00V_0P00V_25C 
HDBLVT20_OAI21_MM_0P5         1480    494.438    gf22nsdllogl20hdl116a_TT_0P80V_0P00V_0P00V_0P00V_25C 
HDBLVT20_OAI21_MM_1            752    251.228    gf22nsdllogl20hdl116a_TT_0P80V_0P00V_0P00V_0P00V_25C 
HDBLVT20_OAI21_MM_2             64     37.417    gf22nsdllogl20hdl116a_TT_0P80V_0P00V_0P00V_0P00V_25C 
HDBLVT20_OAI21_MM_4              4      4.343    gf22nsdllogl20hdl116a_TT_0P80V_0P00V_0P00V_0P00V_25C 
HDBLVT20_OAI221_0P5             85     42.595    gf22nsdllogl20hdl116a_TT_0P80V_0P00V_0P00V_0P00V_25C 
HDBLVT20_OAI221_1             1405    704.074    gf22nsdllogl20hdl116a_TT_0P80V_0P00V_0P00V_0P00V_25C 
HDBLVT20_OAI221_2                2      1.837    gf22nsdllogl20hdl116a_TT_0P80V_0P00V_0P00V_0P00V_25C 
HDBLVT20_OAI222_0P75            10      6.682    gf22nsdllogl20hdl116a_TT_0P80V_0P00V_0P00V_0P00V_25C 
HDBLVT20_OAI222_1              293    195.771    gf22nsdllogl20hdl116a_TT_0P80V_0P00V_0P00V_0P00V_25C 
HDBLVT20_OAI222_2                4      4.677    gf22nsdllogl20hdl116a_TT_0P80V_0P00V_0P00V_0P00V_25C 
HDBLVT20_OAI22_0P5             147     61.387    gf22nsdllogl20hdl116a_TT_0P80V_0P00V_0P00V_0P00V_25C 
HDBLVT20_OAI22_0P75            185     77.256    gf22nsdllogl20hdl116a_TT_0P80V_0P00V_0P00V_0P00V_25C 
HDBLVT20_OAI22_1              6286   2625.034    gf22nsdllogl20hdl116a_TT_0P80V_0P00V_0P00V_0P00V_25C 
HDBLVT20_OAI22_2                14     10.524    gf22nsdllogl20hdl116a_TT_0P80V_0P00V_0P00V_0P00V_25C 
HDBLVT20_OAI22_3                 1      1.086    gf22nsdllogl20hdl116a_TT_0P80V_0P00V_0P00V_0P00V_25C 
HDBLVT20_OAI22_MM_0P5          133     55.541    gf22nsdllogl20hdl116a_TT_0P80V_0P00V_0P00V_0P00V_25C 
HDBLVT20_OAI22_MM_1            569    237.614    gf22nsdllogl20hdl116a_TT_0P80V_0P00V_0P00V_0P00V_25C 
HDBLVT20_OAI22_MM_2              1      0.752    gf22nsdllogl20hdl116a_TT_0P80V_0P00V_0P00V_0P00V_25C 
HDBLVT20_OAI311_1               88     44.099    gf22nsdllogl20hdl116a_TT_0P80V_0P00V_0P00V_0P00V_25C 
HDBLVT20_OAI31_1               167     69.739    gf22nsdllogl20hdl116a_TT_0P80V_0P00V_0P00V_0P00V_25C 
HDBLVT20_OAI32_1               227    113.754    gf22nsdllogl20hdl116a_TT_0P80V_0P00V_0P00V_0P00V_25C 
HDBLVT20_OAI32_2                 1      0.919    gf22nsdllogl20hdl116a_TT_0P80V_0P00V_0P00V_0P00V_25C 
HDBLVT20_OAOAI2111_0P5          25     12.528    gf22nsdllogl20hdl116a_TT_0P80V_0P00V_0P00V_0P00V_25C 
HDBLVT20_OAOAI2111_1           429    214.980    gf22nsdllogl20hdl116a_TT_0P80V_0P00V_0P00V_0P00V_25C 
HDBLVT20_OAOAI2111_2             7      6.431    gf22nsdllogl20hdl116a_TT_0P80V_0P00V_0P00V_0P00V_25C 
HDBLVT20_OAOI211_0P5             5      2.088    gf22nsdllogl20hdl116a_TT_0P80V_0P00V_0P00V_0P00V_25C 
HDBLVT20_OAOI211_1             181     75.586    gf22nsdllogl20hdl116a_TT_0P80V_0P00V_0P00V_0P00V_25C 
HDBLVT20_OAOI211_2               3      2.255    gf22nsdllogl20hdl116a_TT_0P80V_0P00V_0P00V_0P00V_25C 
HDBLVT20_OAOI211_3               1      1.086    gf22nsdllogl20hdl116a_TT_0P80V_0P00V_0P00V_0P00V_25C 
HDBLVT20_OAOI211_V2_1          219     91.454    gf22nsdllogl20hdl116a_TT_0P80V_0P00V_0P00V_0P00V_25C 
HDBLVT20_OAOI211_V2_2            8      6.013    gf22nsdllogl20hdl116a_TT_0P80V_0P00V_0P00V_0P00V_25C 
HDBLVT20_OR2_0P75               65     21.715    gf22nsdllogl20hdl116a_TT_0P80V_0P00V_0P00V_0P00V_25C 
HDBLVT20_OR2_1                1459    487.423    gf22nsdllogl20hdl116a_TT_0P80V_0P00V_0P00V_0P00V_25C 
HDBLVT20_OR2_10                  1      1.754    gf22nsdllogl20hdl116a_TT_0P80V_0P00V_0P00V_0P00V_25C 
HDBLVT20_OR2_2                  31     12.946    gf22nsdllogl20hdl116a_TT_0P80V_0P00V_0P00V_0P00V_25C 
HDBLVT20_OR2_3                  55     36.749    gf22nsdllogl20hdl116a_TT_0P80V_0P00V_0P00V_0P00V_25C 
HDBLVT20_OR2_4                   3      2.255    gf22nsdllogl20hdl116a_TT_0P80V_0P00V_0P00V_0P00V_25C 
HDBLVT20_OR2_5                   2      1.670    gf22nsdllogl20hdl116a_TT_0P80V_0P00V_0P00V_0P00V_25C 
HDBLVT20_OR2_6                   2      2.172    gf22nsdllogl20hdl116a_TT_0P80V_0P00V_0P00V_0P00V_25C 
HDBLVT20_OR2_8                   2      2.840    gf22nsdllogl20hdl116a_TT_0P80V_0P00V_0P00V_0P00V_25C 
HDBLVT20_OR2_D_8                 2      2.172    gf22nsdllogl20hdl116a_TT_0P80V_0P00V_0P00V_0P00V_25C 
HDBLVT20_OR3B_0P5               12      5.011    gf22nsdllogl20hdl116a_TT_0P80V_0P00V_0P00V_0P00V_25C 
HDBLVT20_OR3B_0P75              21      8.770    gf22nsdllogl20hdl116a_TT_0P80V_0P00V_0P00V_0P00V_25C 
HDBLVT20_OR3B_1                387    161.611    gf22nsdllogl20hdl116a_TT_0P80V_0P00V_0P00V_0P00V_25C 
HDBLVT20_OR3B_2                 13      7.600    gf22nsdllogl20hdl116a_TT_0P80V_0P00V_0P00V_0P00V_25C 
HDBLVT20_OR3B_4                  2      2.172    gf22nsdllogl20hdl116a_TT_0P80V_0P00V_0P00V_0P00V_25C 
HDBLVT20_OR3B_8                  1      2.088    gf22nsdllogl20hdl116a_TT_0P80V_0P00V_0P00V_0P00V_25C 
HDBLVT20_OR3_1                 109     45.518    gf22nsdllogl20hdl116a_TT_0P80V_0P00V_0P00V_0P00V_25C 
HDBLVT20_OR3_2                   3      1.503    gf22nsdllogl20hdl116a_TT_0P80V_0P00V_0P00V_0P00V_25C 
HDBLVT20_OR3_3                   3      2.506    gf22nsdllogl20hdl116a_TT_0P80V_0P00V_0P00V_0P00V_25C 
HDBLVT20_OR3_4                   3      2.756    gf22nsdllogl20hdl116a_TT_0P80V_0P00V_0P00V_0P00V_25C 
HDBLVT20_OR3_8                   1      1.754    gf22nsdllogl20hdl116a_TT_0P80V_0P00V_0P00V_0P00V_25C 
HDBLVT20_OR4B_1                272    136.305    gf22nsdllogl20hdl116a_TT_0P80V_0P00V_0P00V_0P00V_25C 
HDBLVT20_OR4B_2                  6      4.009    gf22nsdllogl20hdl116a_TT_0P80V_0P00V_0P00V_0P00V_25C 
HDBLVT20_OR4B_4                  2      2.506    gf22nsdllogl20hdl116a_TT_0P80V_0P00V_0P00V_0P00V_25C 
HDBLVT20_OR4_1                  65     32.573    gf22nsdllogl20hdl116a_TT_0P80V_0P00V_0P00V_0P00V_25C 
HDBLVT20_OR4_2                   1      0.585    gf22nsdllogl20hdl116a_TT_0P80V_0P00V_0P00V_0P00V_25C 
HDBLVT20_OR4_4                   1      1.086    gf22nsdllogl20hdl116a_TT_0P80V_0P00V_0P00V_0P00V_25C 
------------------------------------------------------------------------------------------------------
total                       155368  95831.099                                                         


                                          
     Type      Instances    Area   Area % 
------------------------------------------
sequential         23620 38135.483   39.8 
inverter           17080  3167.997    3.3 
buffer               833   301.674    0.3 
logic_abstract        36     0.000    0.0 
logic             113835 54225.945   56.6 
physical_cells         0     0.000    0.0 
------------------------------------------
total             155404 95831.099  100.0 

