============================================================
  Generated by:           Genus(TM) Synthesis Solution 22.13-s093_1
  Generated on:           Jun 05 2026  12:54:11 pm
  Module:                 cva6
  Technology libraries:   gf22nsdllogl20hdl116a_TT_0P80V_0P00V_0P00V_0P00V_25C 2019.10.14
                          gf22nsdllogl20hdl116a_TT_0P80V_0P00V_0P00V_0P00V_25C 2019.10.14
  Operating conditions:   TT_0P80V_0P00V_0P00V_0P00V_25C (best_case_tree)
  Wireload mode:          enclosed
  Area mode:              timing library
============================================================

Timing
--------

Clock Period 
-------------
clk   1250.0 


  Cost    Critical         Violating 
 Group   Path Slack  TNS     Paths   
-------------------------------------
clk            11.1   0.0          0 
default    No paths   0.0            
-------------------------------------
Total                 0.0          0 

Instance Count
--------------
Leaf Instance Count             155368 
Physical Instance count              0 
Sequential Instance Count        23620 
Combinational Instance Count    131748 
Hierarchical Instance Count        116 

Area
----
Cell Area                          95831.099
Physical Cell Area                 0.000
Total Cell Area (Cell+Physical)    95831.099
Net Area                           0.000
Total Area (Cell+Physical+Net)     95831.099

Max Fanout                         23656 (clk_i)
Min Fanout                         0 (acc_mmu_resp)
Average Fanout                     3.2
Terms to net ratio                 4.2246
Terms to instance ratio            4.3904
Runtime                            563.81932 seconds
Elapsed Runtime                    1850 seconds
Genus peak memory usage            5015.77 
Innovus peak memory usage          no_value 
Hostname                           mazo.iuma.ulpgc.es
