============================================================
  Generated by:           Genus(TM) Synthesis Solution 22.13-s093_1
  Generated on:           Jun 04 2026  04:42:34 pm
  Module:                 cva6
  Technology library:     gf22nsdllogl20hdl116a_TT_0P80V_0P00V_0P00V_0P00V_25C 2019.10.14
  Operating conditions:   TT_0P80V_0P00V_0P00V_0P00V_25C (best_case_tree)
  Wireload mode:          enclosed
  Area mode:              timing library
============================================================

                                                 
           Gate             Instances    Area                            Library                         
---------------------------------------------------------------------------------------------------------
HDBLVT20_ADDF_V1_1               4329   5784.929    gf22nsdllogl20hdl116a_TT_0P80V_0P00V_0P00V_0P00V_25C 
HDBLVT20_ADDH_0P5                  57     42.846    gf22nsdllogl20hdl116a_TT_0P80V_0P00V_0P00V_0P00V_25C 
HDBLVT20_ADDH_1                  1194    897.506    gf22nsdllogl20hdl116a_TT_0P80V_0P00V_0P00V_0P00V_25C 
HDBLVT20_AN2_1                   1635    546.221    gf22nsdllogl20hdl116a_TT_0P80V_0P00V_0P00V_0P00V_25C 
HDBLVT20_AN2_3                      1      0.668    gf22nsdllogl20hdl116a_TT_0P80V_0P00V_0P00V_0P00V_25C 
HDBLVT20_AN2_4                      2      1.503    gf22nsdllogl20hdl116a_TT_0P80V_0P00V_0P00V_0P00V_25C 
HDBLVT20_AN3B_0P5                  10      4.176    gf22nsdllogl20hdl116a_TT_0P80V_0P00V_0P00V_0P00V_25C 
HDBLVT20_AN3B_1                   271    113.170    gf22nsdllogl20hdl116a_TT_0P80V_0P00V_0P00V_0P00V_25C 
HDBLVT20_AN3_0P5                   18      7.517    gf22nsdllogl20hdl116a_TT_0P80V_0P00V_0P00V_0P00V_25C 
HDBLVT20_AN4B_0P5                   1      0.501    gf22nsdllogl20hdl116a_TT_0P80V_0P00V_0P00V_0P00V_25C 
HDBLVT20_AN4B_1                   166     83.186    gf22nsdllogl20hdl116a_TT_0P80V_0P00V_0P00V_0P00V_25C 
HDBLVT20_AN4_1                     11      5.512    gf22nsdllogl20hdl116a_TT_0P80V_0P00V_0P00V_0P00V_25C 
HDBLVT20_AN6_1                     30     25.056    gf22nsdllogl20hdl116a_TT_0P80V_0P00V_0P00V_0P00V_25C 
HDBLVT20_AO211_1                   18     10.524    gf22nsdllogl20hdl116a_TT_0P80V_0P00V_0P00V_0P00V_25C 
HDBLVT20_AO21B_0P5                 88     36.749    gf22nsdllogl20hdl116a_TT_0P80V_0P00V_0P00V_0P00V_25C 
HDBLVT20_AO21B_1                  460    192.096    gf22nsdllogl20hdl116a_TT_0P80V_0P00V_0P00V_0P00V_25C 
HDBLVT20_AO21_0P5                   5      2.088    gf22nsdllogl20hdl116a_TT_0P80V_0P00V_0P00V_0P00V_25C 
HDBLVT20_AO21_1                   340    141.984    gf22nsdllogl20hdl116a_TT_0P80V_0P00V_0P00V_0P00V_25C 
HDBLVT20_AO21_2                     1      0.501    gf22nsdllogl20hdl116a_TT_0P80V_0P00V_0P00V_0P00V_25C 
HDBLVT20_AO221_1                  412    275.282    gf22nsdllogl20hdl116a_TT_0P80V_0P00V_0P00V_0P00V_25C 
HDBLVT20_AO2222_0P5               104    104.233    gf22nsdllogl20hdl116a_TT_0P80V_0P00V_0P00V_0P00V_25C 
HDBLVT20_AO2222_1                 660    661.478    gf22nsdllogl20hdl116a_TT_0P80V_0P00V_0P00V_0P00V_25C 
HDBLVT20_AO222_1                 6070   4562.698    gf22nsdllogl20hdl116a_TT_0P80V_0P00V_0P00V_0P00V_25C 
HDBLVT20_AO22_1                  1539    899.761    gf22nsdllogl20hdl116a_TT_0P80V_0P00V_0P00V_0P00V_25C 
HDBLVT20_AO2BB2_0P5               199     99.723    gf22nsdllogl20hdl116a_TT_0P80V_0P00V_0P00V_0P00V_25C 
HDBLVT20_AO2BB2_0P75              142     71.159    gf22nsdllogl20hdl116a_TT_0P80V_0P00V_0P00V_0P00V_25C 
HDBLVT20_AO2BB2_1                1968    986.204    gf22nsdllogl20hdl116a_TT_0P80V_0P00V_0P00V_0P00V_25C 
HDBLVT20_AO31_0P5                   1      0.501    gf22nsdllogl20hdl116a_TT_0P80V_0P00V_0P00V_0P00V_25C 
HDBLVT20_AO31_1                    18      9.020    gf22nsdllogl20hdl116a_TT_0P80V_0P00V_0P00V_0P00V_25C 
HDBLVT20_AO32_1                    44     25.724    gf22nsdllogl20hdl116a_TT_0P80V_0P00V_0P00V_0P00V_25C 
HDBLVT20_AOA211_2                  24     14.031    gf22nsdllogl20hdl116a_TT_0P80V_0P00V_0P00V_0P00V_25C 
HDBLVT20_AOAI211_0P5              166     69.322    gf22nsdllogl20hdl116a_TT_0P80V_0P00V_0P00V_0P00V_25C 
HDBLVT20_AOAI211_0P75              91     38.002    gf22nsdllogl20hdl116a_TT_0P80V_0P00V_0P00V_0P00V_25C 
HDBLVT20_AOAI211_1                277    115.675    gf22nsdllogl20hdl116a_TT_0P80V_0P00V_0P00V_0P00V_25C 
HDBLVT20_AOAOI2111_0P75           210    105.235    gf22nsdllogl20hdl116a_TT_0P80V_0P00V_0P00V_0P00V_25C 
HDBLVT20_AOAOI2111_1               42     21.047    gf22nsdllogl20hdl116a_TT_0P80V_0P00V_0P00V_0P00V_25C 
HDBLVT20_AOI211_0P5               573    239.285    gf22nsdllogl20hdl116a_TT_0P80V_0P00V_0P00V_0P00V_25C 
HDBLVT20_AOI211_0P75               32     13.363    gf22nsdllogl20hdl116a_TT_0P80V_0P00V_0P00V_0P00V_25C 
HDBLVT20_AOI211_1                 209     87.278    gf22nsdllogl20hdl116a_TT_0P80V_0P00V_0P00V_0P00V_25C 
HDBLVT20_AOI21B_0P5                 4      1.670    gf22nsdllogl20hdl116a_TT_0P80V_0P00V_0P00V_0P00V_25C 
HDBLVT20_AOI21B_1                 171     71.410    gf22nsdllogl20hdl116a_TT_0P80V_0P00V_0P00V_0P00V_25C 
HDBLVT20_AOI21_0P5                430    143.654    gf22nsdllogl20hdl116a_TT_0P80V_0P00V_0P00V_0P00V_25C 
HDBLVT20_AOI21_0P75                69     23.052    gf22nsdllogl20hdl116a_TT_0P80V_0P00V_0P00V_0P00V_25C 
HDBLVT20_AOI21_1                  525    175.392    gf22nsdllogl20hdl116a_TT_0P80V_0P00V_0P00V_0P00V_25C 
HDBLVT20_AOI221_0P5              3064   1535.432    gf22nsdllogl20hdl116a_TT_0P80V_0P00V_0P00V_0P00V_25C 
HDBLVT20_AOI2222_V2_0P5          5861   4895.107    gf22nsdllogl20hdl116a_TT_0P80V_0P00V_0P00V_0P00V_25C 
HDBLVT20_AOI2222_V2_1             600    501.120    gf22nsdllogl20hdl116a_TT_0P80V_0P00V_0P00V_0P00V_25C 
HDBLVT20_AOI222_0P5               721    481.743    gf22nsdllogl20hdl116a_TT_0P80V_0P00V_0P00V_0P00V_25C 
HDBLVT20_AOI222_1                 875    584.640    gf22nsdllogl20hdl116a_TT_0P80V_0P00V_0P00V_0P00V_25C 
HDBLVT20_AOI22_0P5               1522    635.587    gf22nsdllogl20hdl116a_TT_0P80V_0P00V_0P00V_0P00V_25C 
HDBLVT20_AOI22_0P75              3976   1660.378    gf22nsdllogl20hdl116a_TT_0P80V_0P00V_0P00V_0P00V_25C 
HDBLVT20_AOI22_1                 4385   1831.176    gf22nsdllogl20hdl116a_TT_0P80V_0P00V_0P00V_0P00V_25C 
HDBLVT20_AOI22_MM_0P5             827    345.355    gf22nsdllogl20hdl116a_TT_0P80V_0P00V_0P00V_0P00V_25C 
HDBLVT20_AOI22_MM_1              1628    679.853    gf22nsdllogl20hdl116a_TT_0P80V_0P00V_0P00V_0P00V_25C 
HDBLVT20_AOI31_0P5                 79     32.990    gf22nsdllogl20hdl116a_TT_0P80V_0P00V_0P00V_0P00V_25C 
HDBLVT20_AOI31_0P75                 7      2.923    gf22nsdllogl20hdl116a_TT_0P80V_0P00V_0P00V_0P00V_25C 
HDBLVT20_AOI31_1                   94     39.254    gf22nsdllogl20hdl116a_TT_0P80V_0P00V_0P00V_0P00V_25C 
HDBLVT20_AOI32_1                  108     54.121    gf22nsdllogl20hdl116a_TT_0P80V_0P00V_0P00V_0P00V_25C 
HDBLVT20_AOI33_1                   38     22.216    gf22nsdllogl20hdl116a_TT_0P80V_0P00V_0P00V_0P00V_25C 
HDBLVT20_BUF_0P5                   11      2.756    gf22nsdllogl20hdl116a_TT_0P80V_0P00V_0P00V_0P00V_25C 
HDBLVT20_BUF_1                     12      3.007    gf22nsdllogl20hdl116a_TT_0P80V_0P00V_0P00V_0P00V_25C 
HDBLVT20_BUF_12                     1      1.587    gf22nsdllogl20hdl116a_TT_0P80V_0P00V_0P00V_0P00V_25C 
HDBLVT20_BUF_2                      1      0.334    gf22nsdllogl20hdl116a_TT_0P80V_0P00V_0P00V_0P00V_25C 
HDBLVT20_BUF_20                     1      2.589    gf22nsdllogl20hdl116a_TT_0P80V_0P00V_0P00V_0P00V_25C 
HDBLVT20_BUF_3P5                   22     12.862    gf22nsdllogl20hdl116a_TT_0P80V_0P00V_0P00V_0P00V_25C 
HDBLVT20_BUF_5                    100     75.168    gf22nsdllogl20hdl116a_TT_0P80V_0P00V_0P00V_0P00V_25C 
HDBLVT20_BUF_D_16                   2      3.508    gf22nsdllogl20hdl116a_TT_0P80V_0P00V_0P00V_0P00V_25C 
HDBLVT20_BUF_M_3                    2      0.835    gf22nsdllogl20hdl116a_TT_0P80V_0P00V_0P00V_0P00V_25C 
HDBLVT20_EN2_1                      3      2.004    gf22nsdllogl20hdl116a_TT_0P80V_0P00V_0P00V_0P00V_25C 
HDBLVT20_EN2_V2_1                4829   2419.908    gf22nsdllogl20hdl116a_TT_0P80V_0P00V_0P00V_0P00V_25C 
HDBLVT20_EO2_1                      1      0.668    gf22nsdllogl20hdl116a_TT_0P80V_0P00V_0P00V_0P00V_25C 
HDBLVT20_EO2_V2_0P5                65     32.573    gf22nsdllogl20hdl116a_TT_0P80V_0P00V_0P00V_0P00V_25C 
HDBLVT20_EO2_V2_1                2848   1427.190    gf22nsdllogl20hdl116a_TT_0P80V_0P00V_0P00V_0P00V_25C 
HDBLVT20_FDPRBQ_2                   1      1.837    gf22nsdllogl20hdl116a_TT_0P80V_0P00V_0P00V_0P00V_25C 
HDBLVT20_FDPRBQ_V2_1            10345  14688.245    gf22nsdllogl20hdl116a_TT_0P80V_0P00V_0P00V_0P00V_25C 
HDBLVT20_FDPRBQ_V2_2              190    285.638    gf22nsdllogl20hdl116a_TT_0P80V_0P00V_0P00V_0P00V_25C 
HDBLVT20_FDPRBQ_V2_4                9     15.034    gf22nsdllogl20hdl116a_TT_0P80V_0P00V_0P00V_0P00V_25C 
HDBLVT20_FDPSBQ_1                  25     41.760    gf22nsdllogl20hdl116a_TT_0P80V_0P00V_0P00V_0P00V_25C 
HDBLVT20_FSDPQ_D_1                  4      6.348    gf22nsdllogl20hdl116a_TT_0P80V_0P00V_0P00V_0P00V_25C 
HDBLVT20_FSDPRBQ_D_1            12939  22693.971    gf22nsdllogl20hdl116a_TT_0P80V_0P00V_0P00V_0P00V_25C 
HDBLVT20_FSDPRBQ_D_1P5             54     99.222    gf22nsdllogl20hdl116a_TT_0P80V_0P00V_0P00V_0P00V_25C 
HDBLVT20_FSDPRBQ_D_2                9     16.537    gf22nsdllogl20hdl116a_TT_0P80V_0P00V_0P00V_0P00V_25C 
HDBLVT20_FSDPRBQ_D_4               33     66.148    gf22nsdllogl20hdl116a_TT_0P80V_0P00V_0P00V_0P00V_25C 
HDBLVT20_FSDPSBQ_D_2               13     24.972    gf22nsdllogl20hdl116a_TT_0P80V_0P00V_0P00V_0P00V_25C 
HDBLVT20_INV_0P75                1144    191.094    gf22nsdllogl20hdl116a_TT_0P80V_0P00V_0P00V_0P00V_25C 
HDBLVT20_INV_1                  10658   1780.312    gf22nsdllogl20hdl116a_TT_0P80V_0P00V_0P00V_0P00V_25C 
HDBLVT20_INV_12                     1      1.086    gf22nsdllogl20hdl116a_TT_0P80V_0P00V_0P00V_0P00V_25C 
HDBLVT20_INV_15                     2      2.673    gf22nsdllogl20hdl116a_TT_0P80V_0P00V_0P00V_0P00V_25C 
HDBLVT20_INV_18                     4      6.348    gf22nsdllogl20hdl116a_TT_0P80V_0P00V_0P00V_0P00V_25C 
HDBLVT20_INV_1P5                    3      0.752    gf22nsdllogl20hdl116a_TT_0P80V_0P00V_0P00V_0P00V_25C 
HDBLVT20_INV_2                    867    217.236    gf22nsdllogl20hdl116a_TT_0P80V_0P00V_0P00V_0P00V_25C 
HDBLVT20_INV_3                     82     27.395    gf22nsdllogl20hdl116a_TT_0P80V_0P00V_0P00V_0P00V_25C 
HDBLVT20_INV_4                     10      4.176    gf22nsdllogl20hdl116a_TT_0P80V_0P00V_0P00V_0P00V_25C 
HDBLVT20_INV_5                     20     10.022    gf22nsdllogl20hdl116a_TT_0P80V_0P00V_0P00V_0P00V_25C 
HDBLVT20_INV_6                      6      3.508    gf22nsdllogl20hdl116a_TT_0P80V_0P00V_0P00V_0P00V_25C 
HDBLVT20_INV_8                     17     12.779    gf22nsdllogl20hdl116a_TT_0P80V_0P00V_0P00V_0P00V_25C 
HDBLVT20_INV_9                      6      5.011    gf22nsdllogl20hdl116a_TT_0P80V_0P00V_0P00V_0P00V_25C 
HDBLVT20_INV_S_10                   1      1.086    gf22nsdllogl20hdl116a_TT_0P80V_0P00V_0P00V_0P00V_25C 
HDBLVT20_INV_S_2                    3      1.253    gf22nsdllogl20hdl116a_TT_0P80V_0P00V_0P00V_0P00V_25C 
HDBLVT20_MAJ3_1                   233    136.221    gf22nsdllogl20hdl116a_TT_0P80V_0P00V_0P00V_0P00V_25C 
HDBLVT20_MAJI3B_0P5                78     45.602    gf22nsdllogl20hdl116a_TT_0P80V_0P00V_0P00V_0P00V_25C 
HDBLVT20_MAJI3B_1                1834   1072.230    gf22nsdllogl20hdl116a_TT_0P80V_0P00V_0P00V_0P00V_25C 
HDBLVT20_MAJI3_1                  228    114.255    gf22nsdllogl20hdl116a_TT_0P80V_0P00V_0P00V_0P00V_25C 
HDBLVT20_MUX2_1                    21     14.031    gf22nsdllogl20hdl116a_TT_0P80V_0P00V_0P00V_0P00V_25C 
HDBLVT20_MUX2_MM_0P5                2      1.336    gf22nsdllogl20hdl116a_TT_0P80V_0P00V_0P00V_0P00V_25C 
HDBLVT20_MUX2_MM_1                 40     26.726    gf22nsdllogl20hdl116a_TT_0P80V_0P00V_0P00V_0P00V_25C 
HDBLVT20_MUXI2_1                    3      1.754    gf22nsdllogl20hdl116a_TT_0P80V_0P00V_0P00V_0P00V_25C 
HDBLVT20_MUXI2_MM_0P5               1      0.585    gf22nsdllogl20hdl116a_TT_0P80V_0P00V_0P00V_0P00V_25C 
HDBLVT20_MUXI2_MM_1                 9      5.262    gf22nsdllogl20hdl116a_TT_0P80V_0P00V_0P00V_0P00V_25C 
HDBLVT20_ND2B_0P5                  97     32.406    gf22nsdllogl20hdl116a_TT_0P80V_0P00V_0P00V_0P00V_25C 
HDBLVT20_ND2B_1                   248     82.852    gf22nsdllogl20hdl116a_TT_0P80V_0P00V_0P00V_0P00V_25C 
HDBLVT20_ND2B_MM_1                  6      2.506    gf22nsdllogl20hdl116a_TT_0P80V_0P00V_0P00V_0P00V_25C 
HDBLVT20_ND2B_V1_1                559    186.751    gf22nsdllogl20hdl116a_TT_0P80V_0P00V_0P00V_0P00V_25C 
HDBLVT20_ND2B_V1_2                  1      0.501    gf22nsdllogl20hdl116a_TT_0P80V_0P00V_0P00V_0P00V_25C 
HDBLVT20_ND2_0P75                 852    213.477    gf22nsdllogl20hdl116a_TT_0P80V_0P00V_0P00V_0P00V_25C 
HDBLVT20_ND2_1                   1562    391.375    gf22nsdllogl20hdl116a_TT_0P80V_0P00V_0P00V_0P00V_25C 
HDBLVT20_ND2_2                     41     17.122    gf22nsdllogl20hdl116a_TT_0P80V_0P00V_0P00V_0P00V_25C 
HDBLVT20_ND2_MM_0P5              1277    319.965    gf22nsdllogl20hdl116a_TT_0P80V_0P00V_0P00V_0P00V_25C 
HDBLVT20_ND2_MM_1                2455    615.125    gf22nsdllogl20hdl116a_TT_0P80V_0P00V_0P00V_0P00V_25C 
HDBLVT20_ND2_MM_2                   1      0.418    gf22nsdllogl20hdl116a_TT_0P80V_0P00V_0P00V_0P00V_25C 
HDBLVT20_ND3B_0P5                   7      2.923    gf22nsdllogl20hdl116a_TT_0P80V_0P00V_0P00V_0P00V_25C 
HDBLVT20_ND3B_1                   102     42.595    gf22nsdllogl20hdl116a_TT_0P80V_0P00V_0P00V_0P00V_25C 
HDBLVT20_ND3_0P75                 394    131.628    gf22nsdllogl20hdl116a_TT_0P80V_0P00V_0P00V_0P00V_25C 
HDBLVT20_ND3_1                    532    177.731    gf22nsdllogl20hdl116a_TT_0P80V_0P00V_0P00V_0P00V_25C 
HDBLVT20_ND3_2                      1      0.585    gf22nsdllogl20hdl116a_TT_0P80V_0P00V_0P00V_0P00V_25C 
HDBLVT20_ND3_MM_0P5               460    153.677    gf22nsdllogl20hdl116a_TT_0P80V_0P00V_0P00V_0P00V_25C 
HDBLVT20_ND4BB_1                    8      5.345    gf22nsdllogl20hdl116a_TT_0P80V_0P00V_0P00V_0P00V_25C 
HDBLVT20_ND4B_1                   122     61.137    gf22nsdllogl20hdl116a_TT_0P80V_0P00V_0P00V_0P00V_25C 
HDBLVT20_ND4_0P5                   86     35.914    gf22nsdllogl20hdl116a_TT_0P80V_0P00V_0P00V_0P00V_25C 
HDBLVT20_ND4_0P75                   2      0.835    gf22nsdllogl20hdl116a_TT_0P80V_0P00V_0P00V_0P00V_25C 
HDBLVT20_ND4_1                     84     35.078    gf22nsdllogl20hdl116a_TT_0P80V_0P00V_0P00V_0P00V_25C 
HDBLVT20_ND4_MM_0P5                13      5.429    gf22nsdllogl20hdl116a_TT_0P80V_0P00V_0P00V_0P00V_25C 
HDBLVT20_ND4_MM_1                1556    649.786    gf22nsdllogl20hdl116a_TT_0P80V_0P00V_0P00V_0P00V_25C 
HDBLVT20_NR2B_0P5                 175     58.464    gf22nsdllogl20hdl116a_TT_0P80V_0P00V_0P00V_0P00V_25C 
HDBLVT20_NR2B_1                   360    120.269    gf22nsdllogl20hdl116a_TT_0P80V_0P00V_0P00V_0P00V_25C 
HDBLVT20_NR2B_V1_1                369    123.276    gf22nsdllogl20hdl116a_TT_0P80V_0P00V_0P00V_0P00V_25C 
HDBLVT20_NR2_1                   2270    568.771    gf22nsdllogl20hdl116a_TT_0P80V_0P00V_0P00V_0P00V_25C 
HDBLVT20_NR2_2                      3      1.253    gf22nsdllogl20hdl116a_TT_0P80V_0P00V_0P00V_0P00V_25C 
HDBLVT20_NR2_3                      1      0.585    gf22nsdllogl20hdl116a_TT_0P80V_0P00V_0P00V_0P00V_25C 
HDBLVT20_NR2_MM_1                4347   1089.184    gf22nsdllogl20hdl116a_TT_0P80V_0P00V_0P00V_0P00V_25C 
HDBLVT20_NR2_MM_2                   1      0.418    gf22nsdllogl20hdl116a_TT_0P80V_0P00V_0P00V_0P00V_25C 
HDBLVT20_NR3_0P75                 473    158.020    gf22nsdllogl20hdl116a_TT_0P80V_0P00V_0P00V_0P00V_25C 
HDBLVT20_NR4BB_1                    4      2.673    gf22nsdllogl20hdl116a_TT_0P80V_0P00V_0P00V_0P00V_25C 
HDBLVT20_NR4B_1                   126     63.141    gf22nsdllogl20hdl116a_TT_0P80V_0P00V_0P00V_0P00V_25C 
HDBLVT20_NR4_0P5                  630    263.088    gf22nsdllogl20hdl116a_TT_0P80V_0P00V_0P00V_0P00V_25C 
HDBLVT20_NR4_0P75                   1      0.418    gf22nsdllogl20hdl116a_TT_0P80V_0P00V_0P00V_0P00V_25C 
HDBLVT20_NR4_1                    261    108.994    gf22nsdllogl20hdl116a_TT_0P80V_0P00V_0P00V_0P00V_25C 
HDBLVT20_OA21B_0P5                 27     11.275    gf22nsdllogl20hdl116a_TT_0P80V_0P00V_0P00V_0P00V_25C 
HDBLVT20_OA21B_1                   70     29.232    gf22nsdllogl20hdl116a_TT_0P80V_0P00V_0P00V_0P00V_25C 
HDBLVT20_OA21_1                   151     63.058    gf22nsdllogl20hdl116a_TT_0P80V_0P00V_0P00V_0P00V_25C 
HDBLVT20_OA21_V2_1                  1      0.418    gf22nsdllogl20hdl116a_TT_0P80V_0P00V_0P00V_0P00V_25C 
HDBLVT20_OA22_1                   112     65.480    gf22nsdllogl20hdl116a_TT_0P80V_0P00V_0P00V_0P00V_25C 
HDBLVT20_OA2BB2_0P5                27     13.530    gf22nsdllogl20hdl116a_TT_0P80V_0P00V_0P00V_0P00V_25C 
HDBLVT20_OA2BB2_1                1348    675.510    gf22nsdllogl20hdl116a_TT_0P80V_0P00V_0P00V_0P00V_25C 
HDBLVT20_OA31_1                    16      8.018    gf22nsdllogl20hdl116a_TT_0P80V_0P00V_0P00V_0P00V_25C 
HDBLVT20_OA32_1                    22     12.862    gf22nsdllogl20hdl116a_TT_0P80V_0P00V_0P00V_0P00V_25C 
HDBLVT20_OA33_1                     5      3.341    gf22nsdllogl20hdl116a_TT_0P80V_0P00V_0P00V_0P00V_25C 
HDBLVT20_OAI2111_1               1631    817.327    gf22nsdllogl20hdl116a_TT_0P80V_0P00V_0P00V_0P00V_25C 
HDBLVT20_OAI211_0P5                63     26.309    gf22nsdllogl20hdl116a_TT_0P80V_0P00V_0P00V_0P00V_25C 
HDBLVT20_OAI211_0P75               38     15.869    gf22nsdllogl20hdl116a_TT_0P80V_0P00V_0P00V_0P00V_25C 
HDBLVT20_OAI211_1                 938    391.709    gf22nsdllogl20hdl116a_TT_0P80V_0P00V_0P00V_0P00V_25C 
HDBLVT20_OAI21B_0P5                72     30.067    gf22nsdllogl20hdl116a_TT_0P80V_0P00V_0P00V_0P00V_25C 
HDBLVT20_OAI21B_1                  93     38.837    gf22nsdllogl20hdl116a_TT_0P80V_0P00V_0P00V_0P00V_25C 
HDBLVT20_OAI21_0P5                308    102.897    gf22nsdllogl20hdl116a_TT_0P80V_0P00V_0P00V_0P00V_25C 
HDBLVT20_OAI21_0P75              1244    415.596    gf22nsdllogl20hdl116a_TT_0P80V_0P00V_0P00V_0P00V_25C 
HDBLVT20_OAI21_MM_0P5             736    245.883    gf22nsdllogl20hdl116a_TT_0P80V_0P00V_0P00V_0P00V_25C 
HDBLVT20_OAI21_MM_1               415    138.643    gf22nsdllogl20hdl116a_TT_0P80V_0P00V_0P00V_0P00V_25C 
HDBLVT20_OAI221_0P5               170     85.190    gf22nsdllogl20hdl116a_TT_0P80V_0P00V_0P00V_0P00V_25C 
HDBLVT20_OAI221_1                2959   1482.814    gf22nsdllogl20hdl116a_TT_0P80V_0P00V_0P00V_0P00V_25C 
HDBLVT20_OAI222_0P75                4      2.673    gf22nsdllogl20hdl116a_TT_0P80V_0P00V_0P00V_0P00V_25C 
HDBLVT20_OAI222_1                 249    166.372    gf22nsdllogl20hdl116a_TT_0P80V_0P00V_0P00V_0P00V_25C 
HDBLVT20_OAI22_0P5                574    239.702    gf22nsdllogl20hdl116a_TT_0P80V_0P00V_0P00V_0P00V_25C 
HDBLVT20_OAI22_0P75               190     79.344    gf22nsdllogl20hdl116a_TT_0P80V_0P00V_0P00V_0P00V_25C 
HDBLVT20_OAI22_1                 4239   1770.206    gf22nsdllogl20hdl116a_TT_0P80V_0P00V_0P00V_0P00V_25C 
HDBLVT20_OAI22_MM_0P5              26     10.858    gf22nsdllogl20hdl116a_TT_0P80V_0P00V_0P00V_0P00V_25C 
HDBLVT20_OAI22_MM_1              1807    754.603    gf22nsdllogl20hdl116a_TT_0P80V_0P00V_0P00V_0P00V_25C 
HDBLVT20_OAI311_1                 157     78.676    gf22nsdllogl20hdl116a_TT_0P80V_0P00V_0P00V_0P00V_25C 
HDBLVT20_OAI31_1                  140     58.464    gf22nsdllogl20hdl116a_TT_0P80V_0P00V_0P00V_0P00V_25C 
HDBLVT20_OAI32_1                  116     58.130    gf22nsdllogl20hdl116a_TT_0P80V_0P00V_0P00V_0P00V_25C 
HDBLVT20_OAOAI2111_0P5             22     11.025    gf22nsdllogl20hdl116a_TT_0P80V_0P00V_0P00V_0P00V_25C 
HDBLVT20_OAOAI2111_1              182     91.204    gf22nsdllogl20hdl116a_TT_0P80V_0P00V_0P00V_0P00V_25C 
HDBLVT20_OAOI211_0P5                3      1.253    gf22nsdllogl20hdl116a_TT_0P80V_0P00V_0P00V_0P00V_25C 
HDBLVT20_OAOI211_1                114     47.606    gf22nsdllogl20hdl116a_TT_0P80V_0P00V_0P00V_0P00V_25C 
HDBLVT20_OAOI211_V2_1             199     83.102    gf22nsdllogl20hdl116a_TT_0P80V_0P00V_0P00V_0P00V_25C 
HDBLVT20_OR2_0P75                  32     10.691    gf22nsdllogl20hdl116a_TT_0P80V_0P00V_0P00V_0P00V_25C 
HDBLVT20_OR2_1                   1064    355.461    gf22nsdllogl20hdl116a_TT_0P80V_0P00V_0P00V_0P00V_25C 
HDBLVT20_OR3B_0P5                  20      8.352    gf22nsdllogl20hdl116a_TT_0P80V_0P00V_0P00V_0P00V_25C 
HDBLVT20_OR3B_0P75                  2      0.835    gf22nsdllogl20hdl116a_TT_0P80V_0P00V_0P00V_0P00V_25C 
HDBLVT20_OR3B_1                   255    106.488    gf22nsdllogl20hdl116a_TT_0P80V_0P00V_0P00V_0P00V_25C 
HDBLVT20_OR3B_2                     1      0.585    gf22nsdllogl20hdl116a_TT_0P80V_0P00V_0P00V_0P00V_25C 
HDBLVT20_OR3_1                     59     24.638    gf22nsdllogl20hdl116a_TT_0P80V_0P00V_0P00V_0P00V_25C 
HDBLVT20_OR4B_1                   303    151.839    gf22nsdllogl20hdl116a_TT_0P80V_0P00V_0P00V_0P00V_25C 
HDBLVT20_OR4_1                     60     30.067    gf22nsdllogl20hdl116a_TT_0P80V_0P00V_0P00V_0P00V_25C 
HDBLVT20_RAD8BOOTHMUX_V2_1        169    225.838    gf22nsdllogl20hdl116a_TT_0P80V_0P00V_0P00V_0P00V_25C 
---------------------------------------------------------------------------------------------------------
total                          133115  90385.845                                                         


                                          
     Type      Instances    Area   Area % 
------------------------------------------
sequential         23622 37939.712   42.0 
inverter           12824  2264.728    2.5 
buffer               152   102.646    0.1 
logic_abstract        36     0.000    0.0 
logic              96517 50078.759   55.4 
physical_cells         0     0.000    0.0 
------------------------------------------
total             133151 90385.845  100.0 

