  =================
   Message Summary
  =================
---------------------------------------------------------------------------
|  Id   |  Sev  |Count|                   Message Text                    |
---------------------------------------------------------------------------
|CFM-1  |Info   |    1|Wrote dofile.                                      |
|CFM-5  |Info   |    1|Wrote formal verification information.             |
|MESG-11|Warning|    9|Maximum message print count reached.               |
|SYNTH-5|Info   |    1|Done mapping.                                      |
|VRO-14 |Warning|    1|Detected a logic abstract in the design.           |
|       |       |     |A logic abstract is an unresolved reference with   |
|       |       |     | defined port names and directions. By default,    |
|       |       |     | such modules are written in the netlist. Use      |
|       |       |     | '::legacy::set_attribute                          |
|       |       |     | write_vlog_empty_module_for_logic_abstract false  |
|       |       |     | /' to prevent writing empty modules in the netlist|
|       |       |     | for a logic abstract.                             |
---------------------------------------------------------------------------
